Yedek: referans-backup-before-split-2026-09-16T14-35-03-829Z.json (70 doküman, drafts: 0)
Yazılacak: 64 doküman | kayma (atlanacak): 0
Alan bazında: { address: 64, description: 53, website: 56, telephoneNumber: 1 }
  ✅ Akik Gümüş (address, description, website)
  ✅ Albero Ray Dolap (address, description, website)
  ✅ Anastasia Meziki Butik Otel (address, description, website)
  ✅ Aura Suites (address, description, website)
  ✅ Ayasoluk Butik Hotel (address, description, website)
  ✅ BW Antea Palace (address, description, website)
  ✅ BW Citadel (address, description)
  ✅ BW Empire Palace İstanbul (address, website)
  ✅ BW Eresin İstanbul (address, description)
  ✅ BW Otel2000 Ankara (address, description, website)
  ✅ BW Plus Khan Antalya (address, description, website)
  ✅ BW Plus Konak (address, description, website)
  ✅ BW Premier Karşıyaka İzmir (address, description, website)
  ✅ BW Premier Sakarya (address, description)
  ✅ BW President (address, description)
  ✅ BW Ravanda Gaziantep (address, description, website)
  ✅ BW VIB Antalya (address, description, website)
  ✅ Dardenia Buyaka (address, description, website)
  ✅ Dardenia Caddebostan (address, description, website)
  ✅ Dardenia Capitol (address, description, website)
  ✅ Dardenia Çanakkale (address, description, website)
  ✅ Dardenia Göktürk (address, description, website)
  ✅ Dardenia Kozyatağı (address, description, website)
  ✅ Dardenia Maslak (address, description, website)
  ✅ Dardenia Mecidiyeköy (address, description, website)
  ✅ Dardenia Nişantaşı (address, description, website)
  ✅ Deniz Butik Altıntepe (address, website)
  ✅ Dr. Ali Kerim Diler Polikliniği (address, description, website)
  ✅ EDWARD'S COFFEE (address, description)
  ✅ Emrah Güvenenler Dental Klinik (address, website)
  ✅ Emsal Doğan Ataşehir (address, description, website)
  ✅ Engin Aksoy Dental Klinik (address, description, website)
  ✅ Esin Baysal Beauty Center (address, website)
  ✅ Eva Banyo (address, description, website)
  ✅ Kaşıbeyaz Ataşehir (address, website)
  ✅ Koç Üniversitesi Hastanesi KUTTAM (address, description, website)
  ✅ Lexus Maslak (address)
  ✅ Leyla Hanım Konağı (address, description, website)
  ✅ Limnades Hotel İznik (address, description, website)
  ✅ Murat Eğitim Kurumları Ümraniye (address, website)
  ✅ Natural Decor (address, description, website, telephoneNumber)
  ✅ Op.Dr. Özgür AKŞAN (address, description, website)
  ✅ Optimadent Diş Sağlığı Polikliniği (address, description, website)
  ✅ Orman Bölge Müdürlüğü (address)
  ✅ Ortodonti Kliniği Ataşehir (address, description, website)
  ✅ Ortodonti Kliniği Ataşehir (address, description, website)
  ✅ Palivor Çiftliği (address, description, website)
  ✅ PANAYIR FIRIN (address, description)
  ✅ Petzz Shop (address, description, website)
  ✅ Piramid Sanat (address, description, website)
  ✅ Plures Air (address, description, website)
  ✅ Prof. Dr. Teoman Dal (address, description, website)
  ✅ Qubbe Dedeman (address, description, website)
  ✅ Saloon Locca (address, website)
  ✅ San Kuaför Tuzla (address, description, website)
  ✅ SEM Collections (address, description, website)
  ✅ Sembol Diş Kliniği (address, description, website)
  ✅ Starwood Yapı Market İzmir (address, website)
  ✅ Taze Baskı Merkezi (address, description, website)
  ✅ Tekdent Diş Polikliniği (address, description, website)
  ✅ Ultramed Görüntüleme Merkezi (address, description, website)
  ✅ Weavers Tekstil (address, description, website)
  ✅ Zafer - Atilla Kuaför (address, website)
  ✅ Zorhane Spor Salonu (address, description, website)
Yazıldı: 64/64 | hata: 0
